Archive member included because of file (symbol)

c:/program files/imt_sdk_win_64/winavr/bin/../lib/gcc/avr/4.3.3/avr5\libgcc.a(_exit.o)
                              c:/program files/imt_sdk_win_64/winavr/bin/../lib/gcc/avr/4.3.3/../../../../avr/lib/avr5/crtm32.o (exit)
c:/program files/imt_sdk_win_64/winavr/bin/../lib/gcc/avr/4.3.3/avr5\libgcc.a(_copy_data.o)
                              ./HAL/ESP8266/ESP8266_program.o (__do_copy_data)
c:/program files/imt_sdk_win_64/winavr/bin/../lib/gcc/avr/4.3.3/avr5\libgcc.a(_clear_bss.o)
                              ./MCAL/UART/UART_prog.o (__do_clear_bss)
c:/program files/imt_sdk_win_64/winavr/bin/../lib/gcc/avr/4.3.3/../../../../avr/lib/avr5\libc.a(strlen.o)
                              ./HAL/ESP8266/ESP8266_program.o (strlen)
c:/program files/imt_sdk_win_64/winavr/bin/../lib/gcc/avr/4.3.3/../../../../avr/lib/avr5\libc.a(snprintf.o)
                              ./HAL/ESP8266/ESP8266_program.o (snprintf)
c:/program files/imt_sdk_win_64/winavr/bin/../lib/gcc/avr/4.3.3/../../../../avr/lib/avr5\libc.a(vfprintf_std.o)
                              c:/program files/imt_sdk_win_64/winavr/bin/../lib/gcc/avr/4.3.3/../../../../avr/lib/avr5\libc.a(snprintf.o) (vfprintf)
c:/program files/imt_sdk_win_64/winavr/bin/../lib/gcc/avr/4.3.3/../../../../avr/lib/avr5\libc.a(strnlen_P.o)
                              c:/program files/imt_sdk_win_64/winavr/bin/../lib/gcc/avr/4.3.3/../../../../avr/lib/avr5\libc.a(vfprintf_std.o) (strnlen_P)
c:/program files/imt_sdk_win_64/winavr/bin/../lib/gcc/avr/4.3.3/../../../../avr/lib/avr5\libc.a(strnlen.o)
                              c:/program files/imt_sdk_win_64/winavr/bin/../lib/gcc/avr/4.3.3/../../../../avr/lib/avr5\libc.a(vfprintf_std.o) (strnlen)
c:/program files/imt_sdk_win_64/winavr/bin/../lib/gcc/avr/4.3.3/../../../../avr/lib/avr5\libc.a(fputc.o)
                              c:/program files/imt_sdk_win_64/winavr/bin/../lib/gcc/avr/4.3.3/../../../../avr/lib/avr5\libc.a(vfprintf_std.o) (fputc)
c:/program files/imt_sdk_win_64/winavr/bin/../lib/gcc/avr/4.3.3/../../../../avr/lib/avr5\libc.a(ultoa_invert.o)
                              c:/program files/imt_sdk_win_64/winavr/bin/../lib/gcc/avr/4.3.3/../../../../avr/lib/avr5\libc.a(vfprintf_std.o) (__ultoa_invert)
c:/program files/imt_sdk_win_64/winavr/bin/../lib/gcc/avr/4.3.3/avr5\libgcc.a(_prologue.o)
                              c:/program files/imt_sdk_win_64/winavr/bin/../lib/gcc/avr/4.3.3/../../../../avr/lib/avr5\libc.a(snprintf.o) (__prologue_saves__)
c:/program files/imt_sdk_win_64/winavr/bin/../lib/gcc/avr/4.3.3/avr5\libgcc.a(_epilogue.o)
                              c:/program files/imt_sdk_win_64/winavr/bin/../lib/gcc/avr/4.3.3/../../../../avr/lib/avr5\libc.a(snprintf.o) (__epilogue_restores__)

Allocating common symbols
Common symbol       size              file

TX_Data             0x2               ./APP/main_Master.o
INT0_PFun           0x2               ./MCAL/EX_INT/EX_INT_prog.o
request_pending     0x1               ./APP/main_Master.o
INT2_PFun           0x2               ./MCAL/EX_INT/EX_INT_prog.o
slot_status         0x6               ./APP/main_Master.o
RX_Data             0x2               ./APP/main_Master.o
currentSlot         0x1               ./APP/main_Master.o
INT1_PFun           0x2               ./MCAL/EX_INT/EX_INT_prog.o
car_parked_correctly
                    0x1               ./APP/main_Master.o
num_empty_slots     0x1               ./APP/main_Master.o

Memory Configuration

Name             Origin             Length             Attributes
text             0x00000000         0x00020000         xr
data             0x00800060         0x0000ffa0         rw !x
eeprom           0x00810000         0x00010000         rw !x
fuse             0x00820000         0x00000400         rw !x
lock             0x00830000         0x00000400         rw !x
signature        0x00840000         0x00000400         rw !x
*default*        0x00000000         0xffffffff

Linker script and memory map

LOAD c:/program files/imt_sdk_win_64/winavr/bin/../lib/gcc/avr/4.3.3/../../../../avr/lib/avr5/crtm32.o
LOAD ./MCAL/UART/UART_prog.o
LOAD ./MCAL/SPI/SPI_prog.o
LOAD ./MCAL/I2C/I2C.o
LOAD ./MCAL/GIE/GIE_prog.o
LOAD ./MCAL/EX_INT/EX_INT_prog.o
LOAD ./MCAL/DIO/DIO_prog.o
LOAD ./LIB/DELAY/DELAY_prog.o
LOAD ./HAL/Stepper_Motor/STPM_prog.o
LOAD ./HAL/SEV_SEG/SEV_SEG.o
LOAD ./HAL/LED/LED.o
LOAD ./HAL/IR_HW-201/IR_prog.o
LOAD ./HAL/ESP8266/ESP8266_program.o
LOAD ./HAL/EEPROM/eeprom.o
LOAD ./Communication/WIFI_Server/wifi_service.o
LOAD ./Communication/Maset_Slave_COMM/Master_prog.o
LOAD ./APP/main_Master.o
LOAD c:/program files/imt_sdk_win_64/winavr/bin/../lib/gcc/avr/4.3.3/avr5\libgcc.a
LOAD c:/program files/imt_sdk_win_64/winavr/bin/../lib/gcc/avr/4.3.3/../../../../avr/lib/avr5\libc.a
LOAD c:/program files/imt_sdk_win_64/winavr/bin/../lib/gcc/avr/4.3.3/avr5\libgcc.a

.hash
 *(.hash)

.dynsym
 *(.dynsym)

.dynstr
 *(.dynstr)

.gnu.version
 *(.gnu.version)

.gnu.version_d
 *(.gnu.version_d)

.gnu.version_r
 *(.gnu.version_r)

.rel.init
 *(.rel.init)

.rela.init
 *(.rela.init)

.rel.text
 *(.rel.text)
 *(.rel.text.*)
 *(.rel.gnu.linkonce.t*)

.rela.text
 *(.rela.text)
 *(.rela.text.*)
 *(.rela.gnu.linkonce.t*)

.rel.fini
 *(.rel.fini)

.rela.fini
 *(.rela.fini)

.rel.rodata
 *(.rel.rodata)
 *(.rel.rodata.*)
 *(.rel.gnu.linkonce.r*)

.rela.rodata
 *(.rela.rodata)
 *(.rela.rodata.*)
 *(.rela.gnu.linkonce.r*)

.rel.data
 *(.rel.data)
 *(.rel.data.*)
 *(.rel.gnu.linkonce.d*)

.rela.data
 *(.rela.data)
 *(.rela.data.*)
 *(.rela.gnu.linkonce.d*)

.rel.ctors
 *(.rel.ctors)

.rela.ctors
 *(.rela.ctors)

.rel.dtors
 *(.rel.dtors)

.rela.dtors
 *(.rela.dtors)

.rel.got
 *(.rel.got)

.rela.got
 *(.rela.got)

.rel.bss
 *(.rel.bss)

.rela.bss
 *(.rela.bss)

.rel.plt
 *(.rel.plt)

.rela.plt
 *(.rela.plt)

.text           0x00000000     0x2dca
 *(.vectors)
 .vectors       0x00000000       0x54 c:/program files/imt_sdk_win_64/winavr/bin/../lib/gcc/avr/4.3.3/../../../../avr/lib/avr5/crtm32.o
                0x00000000                __vectors
                0x00000000                __vector_default
 *(.vectors)
 *(.progmem.gcc*)
 *(.progmem*)
                0x00000054                . = ALIGN (0x2)
                0x00000054                __trampolines_start = .
 *(.trampolines)
 .trampolines   0x00000054        0x0 linker stubs
 *(.trampolines*)
                0x00000054                __trampolines_end = .
 *(.jumptables)
 *(.jumptables*)
 *(.lowtext)
 *(.lowtext*)
                0x00000054                __ctors_start = .
 *(.ctors)
                0x00000054                __ctors_end = .
                0x00000054                __dtors_start = .
 *(.dtors)
                0x00000054                __dtors_end = .
 SORT(*)(.ctors)
 SORT(*)(.dtors)
 *(.init0)
 .init0         0x00000054        0x0 c:/program files/imt_sdk_win_64/winavr/bin/../lib/gcc/avr/4.3.3/../../../../avr/lib/avr5/crtm32.o
                0x00000054                __init
 *(.init0)
 *(.init1)
 *(.init1)
 *(.init2)
 .init2         0x00000054        0xc c:/program files/imt_sdk_win_64/winavr/bin/../lib/gcc/avr/4.3.3/../../../../avr/lib/avr5/crtm32.o
 *(.init2)
 *(.init3)
 *(.init3)
 *(.init4)
 .init4         0x00000060       0x16 c:/program files/imt_sdk_win_64/winavr/bin/../lib/gcc/avr/4.3.3/avr5\libgcc.a(_copy_data.o)
                0x00000060                __do_copy_data
 .init4         0x00000076       0x10 c:/program files/imt_sdk_win_64/winavr/bin/../lib/gcc/avr/4.3.3/avr5\libgcc.a(_clear_bss.o)
                0x00000076                __do_clear_bss
 *(.init4)
 *(.init5)
 *(.init5)
 *(.init6)
 *(.init6)
 *(.init7)
 *(.init7)
 *(.init8)
 *(.init8)
 *(.init9)
 .init9         0x00000086        0x8 c:/program files/imt_sdk_win_64/winavr/bin/../lib/gcc/avr/4.3.3/../../../../avr/lib/avr5/crtm32.o
 *(.init9)
 *(.text)
 .text          0x0000008e        0x4 c:/program files/imt_sdk_win_64/winavr/bin/../lib/gcc/avr/4.3.3/../../../../avr/lib/avr5/crtm32.o
                0x0000008e                __bad_interrupt
                0x0000008e                __vector_6
                0x0000008e                __vector_11
                0x0000008e                __vector_17
                0x0000008e                __vector_19
                0x0000008e                __vector_7
                0x0000008e                __vector_5
                0x0000008e                __vector_4
                0x0000008e                __vector_9
                0x0000008e                __vector_8
                0x0000008e                __vector_10
                0x0000008e                __vector_16
                0x0000008e                __vector_18
                0x0000008e                __vector_20
 .text          0x00000092        0x0 ./MCAL/UART/UART_prog.o
 .text          0x00000092        0x0 ./MCAL/SPI/SPI_prog.o
 .text          0x00000092        0x0 ./MCAL/I2C/I2C.o
 .text          0x00000092        0x0 ./MCAL/GIE/GIE_prog.o
 .text          0x00000092        0x0 ./MCAL/EX_INT/EX_INT_prog.o
 .text          0x00000092        0x0 ./MCAL/DIO/DIO_prog.o
 .text          0x00000092        0x0 ./LIB/DELAY/DELAY_prog.o
 .text          0x00000092        0x0 ./HAL/Stepper_Motor/STPM_prog.o
 .text          0x00000092        0x0 ./HAL/SEV_SEG/SEV_SEG.o
 .text          0x00000092        0x0 ./HAL/LED/LED.o
 .text          0x00000092        0x0 ./HAL/IR_HW-201/IR_prog.o
 .text          0x00000092        0x0 ./HAL/ESP8266/ESP8266_program.o
 .text          0x00000092        0x0 ./HAL/EEPROM/eeprom.o
 .text          0x00000092        0x0 ./Communication/WIFI_Server/wifi_service.o
 .text          0x00000092        0x0 ./Communication/Maset_Slave_COMM/Master_prog.o
 .text          0x00000092        0x0 ./APP/main_Master.o
 .text          0x00000092        0x0 c:/program files/imt_sdk_win_64/winavr/bin/../lib/gcc/avr/4.3.3/avr5\libgcc.a(_exit.o)
 .text          0x00000092        0x0 c:/program files/imt_sdk_win_64/winavr/bin/../lib/gcc/avr/4.3.3/avr5\libgcc.a(_copy_data.o)
 .text          0x00000092        0x0 c:/program files/imt_sdk_win_64/winavr/bin/../lib/gcc/avr/4.3.3/avr5\libgcc.a(_clear_bss.o)
 .text          0x00000092        0x0 c:/program files/imt_sdk_win_64/winavr/bin/../lib/gcc/avr/4.3.3/../../../../avr/lib/avr5\libc.a(strlen.o)
 .text          0x00000092        0x0 c:/program files/imt_sdk_win_64/winavr/bin/../lib/gcc/avr/4.3.3/../../../../avr/lib/avr5\libc.a(snprintf.o)
 .text          0x00000092        0x0 c:/program files/imt_sdk_win_64/winavr/bin/../lib/gcc/avr/4.3.3/../../../../avr/lib/avr5\libc.a(vfprintf_std.o)
 .text          0x00000092        0x0 c:/program files/imt_sdk_win_64/winavr/bin/../lib/gcc/avr/4.3.3/../../../../avr/lib/avr5\libc.a(strnlen_P.o)
 .text          0x00000092        0x0 c:/program files/imt_sdk_win_64/winavr/bin/../lib/gcc/avr/4.3.3/../../../../avr/lib/avr5\libc.a(strnlen.o)
 .text          0x00000092        0x0 c:/program files/imt_sdk_win_64/winavr/bin/../lib/gcc/avr/4.3.3/../../../../avr/lib/avr5\libc.a(fputc.o)
 .text          0x00000092        0x0 c:/program files/imt_sdk_win_64/winavr/bin/../lib/gcc/avr/4.3.3/../../../../avr/lib/avr5\libc.a(ultoa_invert.o)
 .text          0x00000092        0x0 c:/program files/imt_sdk_win_64/winavr/bin/../lib/gcc/avr/4.3.3/avr5\libgcc.a(_prologue.o)
 .text          0x00000092        0x0 c:/program files/imt_sdk_win_64/winavr/bin/../lib/gcc/avr/4.3.3/avr5\libgcc.a(_epilogue.o)
                0x00000092                . = ALIGN (0x2)
 *(.text.*)
 .text.UART_vInit
                0x00000092       0x5c ./MCAL/UART/UART_prog.o
                0x00000092                UART_vInit
 .text.UART_u8SendChar
                0x000000ee       0x6c ./MCAL/UART/UART_prog.o
                0x000000ee                UART_u8SendChar
 .text.UART_u8SendStringSynch
                0x0000015a       0xa2 ./MCAL/UART/UART_prog.o
                0x0000015a                UART_u8SendStringSynch
 .text.UART_u8SendStringAsynch
                0x000001fc       0x6a ./MCAL/UART/UART_prog.o
                0x000001fc                UART_u8SendStringAsynch
 .text.UART_u8ReceiveChar
                0x00000266       0x78 ./MCAL/UART/UART_prog.o
                0x00000266                UART_u8ReceiveChar
 .text.UART_u8ReceiveStringSynch
                0x000002de       0xa0 ./MCAL/UART/UART_prog.o
                0x000002de                UART_u8ReceiveStringSynch
 .text.UART_u8ReceiveStringAsynch
                0x0000037e       0x74 ./MCAL/UART/UART_prog.o
                0x0000037e                UART_u8ReceiveStringAsynch
 .text.__vector_13
                0x000003f2       0xa0 ./MCAL/UART/UART_prog.o
                0x000003f2                __vector_13
 .text.__vector_14
                0x00000492       0xb2 ./MCAL/UART/UART_prog.o
                0x00000492                __vector_14
 .text.__vector_15
                0x00000544       0x20 ./MCAL/UART/UART_prog.o
                0x00000544                __vector_15
 .text.SPI_vInit
                0x00000564       0x38 ./MCAL/SPI/SPI_prog.o
                0x00000564                SPI_vInit
 .text.SPI_u8ReceiveByte_Synch
                0x0000059c       0x7c ./MCAL/SPI/SPI_prog.o
                0x0000059c                SPI_u8ReceiveByte_Synch
 .text.SPI_u8SendByte_Synch
                0x00000618       0x6c ./MCAL/SPI/SPI_prog.o
                0x00000618                SPI_u8SendByte_Synch
 .text.SPI_u8SendReceiveBuffer_Asynch
                0x00000684       0xaa ./MCAL/SPI/SPI_prog.o
                0x00000684                SPI_u8SendReceiveBuffer_Asynch
 .text.__vector_12
                0x0000072e       0xc4 ./MCAL/SPI/SPI_prog.o
                0x0000072e                __vector_12
 .text.i2c_init_master
                0x000007f2       0x34 ./MCAL/I2C/I2C.o
                0x000007f2                i2c_init_master
 .text.i2c_init_slave
                0x00000826       0x1e ./MCAL/I2C/I2C.o
                0x00000826                i2c_init_slave
 .text.i2c_start
                0x00000844       0x34 ./MCAL/I2C/I2C.o
                0x00000844                i2c_start
 .text.i2c_repeated_start
                0x00000878       0x34 ./MCAL/I2C/I2C.o
                0x00000878                i2c_repeated_start
 .text.i2c_send_slave_address_with_write_req
                0x000008ac       0x44 ./MCAL/I2C/I2C.o
                0x000008ac                i2c_send_slave_address_with_write_req
 .text.i2c_send_slave_address_with_read_req
                0x000008f0       0x4c ./MCAL/I2C/I2C.o
                0x000008f0                i2c_send_slave_address_with_read_req
 .text.i2c_write_byte
                0x0000093c       0x42 ./MCAL/I2C/I2C.o
                0x0000093c                i2c_write_byte
 .text.i2c_read_byte
                0x0000097e       0x3a ./MCAL/I2C/I2C.o
                0x0000097e                i2c_read_byte
 .text.i2c_stop
                0x000009b8       0x16 ./MCAL/I2C/I2C.o
                0x000009b8                i2c_stop
 .text.i2c_slave_check_slave_address_received_with_write_req
                0x000009ce       0x34 ./MCAL/I2C/I2C.o
                0x000009ce                i2c_slave_check_slave_address_received_with_write_req
 .text.i2c_slave_check_slave_address_received_with_read_req
                0x00000a02       0x34 ./MCAL/I2C/I2C.o
                0x00000a02                i2c_slave_check_slave_address_received_with_read_req
 .text.i2c_slave_read_byte
                0x00000a36       0x3a ./MCAL/I2C/I2C.o
                0x00000a36                i2c_slave_read_byte
 .text.i2c_slave_write_byte
                0x00000a70       0x42 ./MCAL/I2C/I2C.o
                0x00000a70                i2c_slave_write_byte
 .text.GIE_voidEnable
                0x00000ab2       0x1c ./MCAL/GIE/GIE_prog.o
                0x00000ab2                GIE_voidEnable
 .text.GIE_voidDisable
                0x00000ace       0x1c ./MCAL/GIE/GIE_prog.o
                0x00000ace                GIE_voidDisable
 .text.EXTI0_VoidInit
                0x00000aea       0x38 ./MCAL/EX_INT/EX_INT_prog.o
                0x00000aea                EXTI0_VoidInit
 .text.EXTI1_VoidInit
                0x00000b22       0x38 ./MCAL/EX_INT/EX_INT_prog.o
                0x00000b22                EXTI1_VoidInit
 .text.EXTI2_VoidInit
                0x00000b5a       0x2a ./MCAL/EX_INT/EX_INT_prog.o
                0x00000b5a                EXTI2_VoidInit
 .text.EXTI0_voidSetSenseControl
                0x00000b84       0xd0 ./MCAL/EX_INT/EX_INT_prog.o
                0x00000b84                EXTI0_voidSetSenseControl
 .text.EXTI1_voidSetSenseControl
                0x00000c54       0xd0 ./MCAL/EX_INT/EX_INT_prog.o
                0x00000c54                EXTI1_voidSetSenseControl
 .text.EXTI2_voidSetSenseControl
                0x00000d24       0x58 ./MCAL/EX_INT/EX_INT_prog.o
                0x00000d24                EXTI2_voidSetSenseControl
 .text.EXTI0_voidEnable
                0x00000d7c       0x1c ./MCAL/EX_INT/EX_INT_prog.o
                0x00000d7c                EXTI0_voidEnable
 .text.EXTI0_voidDisable
                0x00000d98       0x1c ./MCAL/EX_INT/EX_INT_prog.o
                0x00000d98                EXTI0_voidDisable
 .text.EXTI1_voidEnable
                0x00000db4       0x1c ./MCAL/EX_INT/EX_INT_prog.o
                0x00000db4                EXTI1_voidEnable
 .text.EXTI1_voidDisable
                0x00000dd0       0x1c ./MCAL/EX_INT/EX_INT_prog.o
                0x00000dd0                EXTI1_voidDisable
 .text.EXTI2_voidEnable
                0x00000dec       0x1c ./MCAL/EX_INT/EX_INT_prog.o
                0x00000dec                EXTI2_voidEnable
 .text.EXTI2_voidDisable
                0x00000e08       0x1c ./MCAL/EX_INT/EX_INT_prog.o
                0x00000e08                EXTI2_voidDisable
 .text.EXTI0_voidSetCallBack
                0x00000e24       0x24 ./MCAL/EX_INT/EX_INT_prog.o
                0x00000e24                EXTI0_voidSetCallBack
 .text.EXTI1_voidSetCallBack
                0x00000e48       0x24 ./MCAL/EX_INT/EX_INT_prog.o
                0x00000e48                EXTI1_voidSetCallBack
 .text.EXTI2_voidSetCallBack
                0x00000e6c       0x24 ./MCAL/EX_INT/EX_INT_prog.o
                0x00000e6c                EXTI2_voidSetCallBack
 .text.__vector_1
                0x00000e90       0x5a ./MCAL/EX_INT/EX_INT_prog.o
                0x00000e90                __vector_1
 .text.__vector_2
                0x00000eea       0x5a ./MCAL/EX_INT/EX_INT_prog.o
                0x00000eea                __vector_2
 .text.__vector_3
                0x00000f44       0x5a ./MCAL/EX_INT/EX_INT_prog.o
                0x00000f44                __vector_3
 .text.DIO_U8SetPinDirection
                0x00000f9e      0x226 ./MCAL/DIO/DIO_prog.o
                0x00000f9e                DIO_U8SetPinDirection
 .text.DIO_U8SetPinValue
                0x000011c4      0x226 ./MCAL/DIO/DIO_prog.o
                0x000011c4                DIO_U8SetPinValue
 .text.DIO_U8SetPortDirection
                0x000013ea       0x90 ./MCAL/DIO/DIO_prog.o
                0x000013ea                DIO_U8SetPortDirection
 .text.DIO_U8SetPortValue
                0x0000147a       0x90 ./MCAL/DIO/DIO_prog.o
                0x0000147a                DIO_U8SetPortValue
 .text.DIO_U8TogglePinValue
                0x0000150a      0x108 ./MCAL/DIO/DIO_prog.o
                0x0000150a                DIO_U8TogglePinValue
 .text.DIO_U8GetPinValue
                0x00001612      0x118 ./MCAL/DIO/DIO_prog.o
                0x00001612                DIO_U8GetPinValue
 .text.delay_milliseconds
                0x0000172a       0xb2 ./LIB/DELAY/DELAY_prog.o
                0x0000172a                delay_milliseconds
 .text.StepperMotor_Init
                0x000017dc       0x36 ./HAL/Stepper_Motor/STPM_prog.o
                0x000017dc                StepperMotor_Init
 .text.StepperMotor_Rotate
                0x00001812       0x78 ./HAL/Stepper_Motor/STPM_prog.o
                0x00001812                StepperMotor_Rotate
 .text.StepperMotor_MoveToSlot
                0x0000188a       0xe4 ./HAL/Stepper_Motor/STPM_prog.o
                0x0000188a                StepperMotor_MoveToSlot
 .text.SEV_SEG_VidInit
                0x0000196e       0x1e ./HAL/SEV_SEG/SEV_SEG.o
                0x0000196e                SEV_SEG_VidInit
 .text.SEV_SEG_VidSetNumber
                0x0000198c      0x114 ./HAL/SEV_SEG/SEV_SEG.o
                0x0000198c                SEV_SEG_VidSetNumber
 .text.LED_Init
                0x00001aa0       0x40 ./HAL/LED/LED.o
                0x00001aa0                LED_Init
 .text.LED_On   0x00001ae0       0x22 ./HAL/LED/LED.o
                0x00001ae0                LED_On
 .text.LED_Off  0x00001b02       0x22 ./HAL/LED/LED.o
                0x00001b02                LED_Off
 .text.LED_Toggle
                0x00001b24       0x20 ./HAL/LED/LED.o
                0x00001b24                LED_Toggle
 .text.IR_Init  0x00001b44       0x2a ./HAL/IR_HW-201/IR_prog.o
                0x00001b44                IR_Init
 .text.IR_Disable
                0x00001b6e       0x12 ./HAL/IR_HW-201/IR_prog.o
                0x00001b6e                IR_Disable
 .text.IR_Enable
                0x00001b80       0x12 ./HAL/IR_HW-201/IR_prog.o
                0x00001b80                IR_Enable
 .text.IR_SetCallback
                0x00001b92       0x20 ./HAL/IR_HW-201/IR_prog.o
                0x00001b92                IR_SetCallback
 .text.ESP8266_Init
                0x00001bb2       0x82 ./HAL/ESP8266/ESP8266_program.o
                0x00001bb2                ESP8266_Init
 .text.ESP8266_ConnectToWiFi
                0x00001c34       0x9a ./HAL/ESP8266/ESP8266_program.o
                0x00001c34                ESP8266_ConnectToWiFi
 .text.ESP8266_SendData
                0x00001cce      0x132 ./HAL/ESP8266/ESP8266_program.o
                0x00001cce                ESP8266_SendData
 .text.eeprom_init
                0x00001e00       0x12 ./HAL/EEPROM/eeprom.o
                0x00001e00                eeprom_init
 .text.eeprom_write_byte
                0x00001e12       0x50 ./HAL/EEPROM/eeprom.o
                0x00001e12                eeprom_write_byte
 .text.eeprom_read_byte
                0x00001e62       0x66 ./HAL/EEPROM/eeprom.o
                0x00001e62                eeprom_read_byte
 .text.eeprom_write_block
                0x00001ec8       0x82 ./HAL/EEPROM/eeprom.o
                0x00001ec8                eeprom_write_block
 .text.eeprom_read_block
                0x00001f4a       0x86 ./HAL/EEPROM/eeprom.o
                0x00001f4a                eeprom_read_block
 .text.WIFI_Init
                0x00001fd0       0x18 ./Communication/WIFI_Server/wifi_service.o
                0x00001fd0                WIFI_Init
 .text.WIFI_SendEmptySlots
                0x00001fe8       0xf6 ./Communication/WIFI_Server/wifi_service.o
                0x00001fe8                WIFI_SendEmptySlots
 .text.Master_Comm_Init
                0x000020de       0x5a ./Communication/Maset_Slave_COMM/Master_prog.o
                0x000020de                Master_Comm_Init
 .text.Master_SendByte
                0x00002138       0x36 ./Communication/Maset_Slave_COMM/Master_prog.o
                0x00002138                Master_SendByte
 .text.Master_ReceiveByte
                0x0000216e       0x42 ./Communication/Maset_Slave_COMM/Master_prog.o
                0x0000216e                Master_ReceiveByte
 .text.Master_Send_Data
                0x000021b0       0x64 ./Communication/Maset_Slave_COMM/Master_prog.o
                0x000021b0                Master_Send_Data
 .text.Master_Receive_Data
                0x00002214       0x60 ./Communication/Maset_Slave_COMM/Master_prog.o
                0x00002214                Master_Receive_Data
 .text.SetSlaveReadyCallBack
                0x00002274       0x20 ./Communication/Maset_Slave_COMM/Master_prog.o
                0x00002274                SetSlaveReadyCallBack
 .text.main     0x00002294       0x1a ./APP/main_Master.o
                0x00002294                main
 .text.System_Init
                0x000022ae       0x4e ./APP/main_Master.o
                0x000022ae                System_Init
 .text.Find_Nearest_Empty_Slot
                0x000022fc      0x172 ./APP/main_Master.o
                0x000022fc                Find_Nearest_Empty_Slot
 .text.Assign_User_To_Slot
                0x0000246e       0x4a ./APP/main_Master.o
                0x0000246e                Assign_User_To_Slot
 .text.Retrieve_Car_From_Slot
                0x000024b8       0x5a ./APP/main_Master.o
                0x000024b8                Retrieve_Car_From_Slot
 .text.Update_EEPROM
                0x00002512       0x3c ./APP/main_Master.o
                0x00002512                Update_EEPROM
 .text.Load_EEPROM
                0x0000254e       0x38 ./APP/main_Master.o
                0x0000254e                Load_EEPROM
 .text.Clear_EEPROM
                0x00002586       0x44 ./APP/main_Master.o
                0x00002586                Clear_EEPROM
 .text.Initialize_EEPROM_If_Needed
                0x000025ca       0x5a ./APP/main_Master.o
                0x000025ca                Initialize_EEPROM_If_Needed
 .text.IR_Sensor_ISR
                0x00002624       0x1c ./APP/main_Master.o
                0x00002624                IR_Sensor_ISR
 .text.Handle_Slave_Request_ISR
                0x00002640       0x1c ./APP/main_Master.o
                0x00002640                Handle_Slave_Request_ISR
 .text.Process_Slave_Request
                0x0000265c      0x18e ./APP/main_Master.o
                0x0000265c                Process_Slave_Request
 .text.libgcc   0x000027ea        0x0 c:/program files/imt_sdk_win_64/winavr/bin/../lib/gcc/avr/4.3.3/avr5\libgcc.a(_exit.o)
 .text.libgcc   0x000027ea        0x0 c:/program files/imt_sdk_win_64/winavr/bin/../lib/gcc/avr/4.3.3/avr5\libgcc.a(_copy_data.o)
 .text.libgcc   0x000027ea        0x0 c:/program files/imt_sdk_win_64/winavr/bin/../lib/gcc/avr/4.3.3/avr5\libgcc.a(_clear_bss.o)
 .text.avr-libc
                0x000027ea       0x12 c:/program files/imt_sdk_win_64/winavr/bin/../lib/gcc/avr/4.3.3/../../../../avr/lib/avr5\libc.a(strlen.o)
                0x000027ea                strlen
 .text.avr-libc
                0x000027fc       0x62 c:/program files/imt_sdk_win_64/winavr/bin/../lib/gcc/avr/4.3.3/../../../../avr/lib/avr5\libc.a(snprintf.o)
                0x000027fc                snprintf
 .text.avr-libc
                0x0000285e      0x3ba c:/program files/imt_sdk_win_64/winavr/bin/../lib/gcc/avr/4.3.3/../../../../avr/lib/avr5\libc.a(vfprintf_std.o)
                0x0000285e                vfprintf
 .text.avr-libc
                0x00002c18       0x16 c:/program files/imt_sdk_win_64/winavr/bin/../lib/gcc/avr/4.3.3/../../../../avr/lib/avr5\libc.a(strnlen_P.o)
                0x00002c18                strnlen_P
 .text.avr-libc
                0x00002c2e       0x16 c:/program files/imt_sdk_win_64/winavr/bin/../lib/gcc/avr/4.3.3/../../../../avr/lib/avr5\libc.a(strnlen.o)
                0x00002c2e                strnlen
 .text.avr-libc
                0x00002c44       0x58 c:/program files/imt_sdk_win_64/winavr/bin/../lib/gcc/avr/4.3.3/../../../../avr/lib/avr5\libc.a(fputc.o)
                0x00002c44                fputc
 .text.avr-libc
                0x00002c9c       0xbc c:/program files/imt_sdk_win_64/winavr/bin/../lib/gcc/avr/4.3.3/../../../../avr/lib/avr5\libc.a(ultoa_invert.o)
                0x00002c9c                __ultoa_invert
 .text.libgcc   0x00002d58       0x38 c:/program files/imt_sdk_win_64/winavr/bin/../lib/gcc/avr/4.3.3/avr5\libgcc.a(_prologue.o)
                0x00002d58                __prologue_saves__
 .text.libgcc   0x00002d90       0x36 c:/program files/imt_sdk_win_64/winavr/bin/../lib/gcc/avr/4.3.3/avr5\libgcc.a(_epilogue.o)
                0x00002d90                __epilogue_restores__
                0x00002dc6                . = ALIGN (0x2)
 *(.fini9)
 .fini9         0x00002dc6        0x0 c:/program files/imt_sdk_win_64/winavr/bin/../lib/gcc/avr/4.3.3/avr5\libgcc.a(_exit.o)
                0x00002dc6                exit
                0x00002dc6                _exit
 *(.fini9)
 *(.fini8)
 *(.fini8)
 *(.fini7)
 *(.fini7)
 *(.fini6)
 *(.fini6)
 *(.fini5)
 *(.fini5)
 *(.fini4)
 *(.fini4)
 *(.fini3)
 *(.fini3)
 *(.fini2)
 *(.fini2)
 *(.fini1)
 *(.fini1)
 *(.fini0)
 .fini0         0x00002dc6        0x4 c:/program files/imt_sdk_win_64/winavr/bin/../lib/gcc/avr/4.3.3/avr5\libgcc.a(_exit.o)
 *(.fini0)
                0x00002dca                _etext = .

.data           0x00800060      0x10e load address 0x00002dca
                0x00800060                PROVIDE (__data_start, .)
 *(.data)
 .data          0x00800060        0x0 c:/program files/imt_sdk_win_64/winavr/bin/../lib/gcc/avr/4.3.3/../../../../avr/lib/avr5/crtm32.o
 .data          0x00800060        0x0 ./MCAL/UART/UART_prog.o
 .data          0x00800060        0x0 ./MCAL/SPI/SPI_prog.o
 .data          0x00800060        0x0 ./MCAL/I2C/I2C.o
 .data          0x00800060        0x0 ./MCAL/GIE/GIE_prog.o
 .data          0x00800060        0x0 ./MCAL/EX_INT/EX_INT_prog.o
 .data          0x00800060        0x0 ./MCAL/DIO/DIO_prog.o
 .data          0x00800060        0x0 ./LIB/DELAY/DELAY_prog.o
 .data          0x00800060        0x0 ./HAL/Stepper_Motor/STPM_prog.o
 .data          0x00800060        0x0 ./HAL/SEV_SEG/SEV_SEG.o
 .data          0x00800060        0x0 ./HAL/LED/LED.o
 .data          0x00800060        0x0 ./HAL/IR_HW-201/IR_prog.o
 .data          0x00800060       0x86 ./HAL/ESP8266/ESP8266_program.o
 .data          0x008000e6        0x0 ./HAL/EEPROM/eeprom.o
 .data          0x008000e6       0x88 ./Communication/WIFI_Server/wifi_service.o
 .data          0x0080016e        0x0 ./Communication/Maset_Slave_COMM/Master_prog.o
 .data          0x0080016e        0x0 ./APP/main_Master.o
 .data          0x0080016e        0x0 c:/program files/imt_sdk_win_64/winavr/bin/../lib/gcc/avr/4.3.3/avr5\libgcc.a(_exit.o)
 .data          0x0080016e        0x0 c:/program files/imt_sdk_win_64/winavr/bin/../lib/gcc/avr/4.3.3/avr5\libgcc.a(_copy_data.o)
 .data          0x0080016e        0x0 c:/program files/imt_sdk_win_64/winavr/bin/../lib/gcc/avr/4.3.3/avr5\libgcc.a(_clear_bss.o)
 .data          0x0080016e        0x0 c:/program files/imt_sdk_win_64/winavr/bin/../lib/gcc/avr/4.3.3/../../../../avr/lib/avr5\libc.a(strlen.o)
 .data          0x0080016e        0x0 c:/program files/imt_sdk_win_64/winavr/bin/../lib/gcc/avr/4.3.3/../../../../avr/lib/avr5\libc.a(snprintf.o)
 .data          0x0080016e        0x0 c:/program files/imt_sdk_win_64/winavr/bin/../lib/gcc/avr/4.3.3/../../../../avr/lib/avr5\libc.a(vfprintf_std.o)
 .data          0x0080016e        0x0 c:/program files/imt_sdk_win_64/winavr/bin/../lib/gcc/avr/4.3.3/../../../../avr/lib/avr5\libc.a(strnlen_P.o)
 .data          0x0080016e        0x0 c:/program files/imt_sdk_win_64/winavr/bin/../lib/gcc/avr/4.3.3/../../../../avr/lib/avr5\libc.a(strnlen.o)
 .data          0x0080016e        0x0 c:/program files/imt_sdk_win_64/winavr/bin/../lib/gcc/avr/4.3.3/../../../../avr/lib/avr5\libc.a(fputc.o)
 .data          0x0080016e        0x0 c:/program files/imt_sdk_win_64/winavr/bin/../lib/gcc/avr/4.3.3/../../../../avr/lib/avr5\libc.a(ultoa_invert.o)
 .data          0x0080016e        0x0 c:/program files/imt_sdk_win_64/winavr/bin/../lib/gcc/avr/4.3.3/avr5\libgcc.a(_prologue.o)
 .data          0x0080016e        0x0 c:/program files/imt_sdk_win_64/winavr/bin/../lib/gcc/avr/4.3.3/avr5\libgcc.a(_epilogue.o)
 *(.data*)
 *(.rodata)
 *(.rodata*)
 *(.gnu.linkonce.d*)
                0x0080016e                . = ALIGN (0x2)
                0x0080016e                _edata = .
                0x0080016e                PROVIDE (__data_end, .)

.bss            0x0080016e       0x24
                0x0080016e                PROVIDE (__bss_start, .)
 *(.bss)
 .bss           0x0080016e        0x0 c:/program files/imt_sdk_win_64/winavr/bin/../lib/gcc/avr/4.3.3/../../../../avr/lib/avr5/crtm32.o
 .bss           0x0080016e        0x0 ./MCAL/UART/UART_prog.o
 .bss           0x0080016e        0x0 ./MCAL/SPI/SPI_prog.o
 .bss           0x0080016e        0x0 ./MCAL/I2C/I2C.o
 .bss           0x0080016e        0x0 ./MCAL/GIE/GIE_prog.o
 .bss           0x0080016e        0x0 ./MCAL/EX_INT/EX_INT_prog.o
 .bss           0x0080016e        0x0 ./MCAL/DIO/DIO_prog.o
 .bss           0x0080016e        0x0 ./LIB/DELAY/DELAY_prog.o
 .bss           0x0080016e        0x0 ./HAL/Stepper_Motor/STPM_prog.o
 .bss           0x0080016e        0x0 ./HAL/SEV_SEG/SEV_SEG.o
 .bss           0x0080016e        0x0 ./HAL/LED/LED.o
 .bss           0x0080016e        0x0 ./HAL/IR_HW-201/IR_prog.o
 .bss           0x0080016e        0x0 ./HAL/ESP8266/ESP8266_program.o
 .bss           0x0080016e        0x0 ./HAL/EEPROM/eeprom.o
 .bss           0x0080016e        0x0 ./Communication/WIFI_Server/wifi_service.o
 .bss           0x0080016e        0x0 ./Communication/Maset_Slave_COMM/Master_prog.o
 .bss           0x0080016e        0x0 ./APP/main_Master.o
 .bss           0x0080016e        0x0 c:/program files/imt_sdk_win_64/winavr/bin/../lib/gcc/avr/4.3.3/avr5\libgcc.a(_exit.o)
 .bss           0x0080016e        0x0 c:/program files/imt_sdk_win_64/winavr/bin/../lib/gcc/avr/4.3.3/avr5\libgcc.a(_copy_data.o)
 .bss           0x0080016e        0x0 c:/program files/imt_sdk_win_64/winavr/bin/../lib/gcc/avr/4.3.3/avr5\libgcc.a(_clear_bss.o)
 .bss           0x0080016e        0x0 c:/program files/imt_sdk_win_64/winavr/bin/../lib/gcc/avr/4.3.3/../../../../avr/lib/avr5\libc.a(strlen.o)
 .bss           0x0080016e        0x0 c:/program files/imt_sdk_win_64/winavr/bin/../lib/gcc/avr/4.3.3/../../../../avr/lib/avr5\libc.a(snprintf.o)
 .bss           0x0080016e        0x0 c:/program files/imt_sdk_win_64/winavr/bin/../lib/gcc/avr/4.3.3/../../../../avr/lib/avr5\libc.a(vfprintf_std.o)
 .bss           0x0080016e        0x0 c:/program files/imt_sdk_win_64/winavr/bin/../lib/gcc/avr/4.3.3/../../../../avr/lib/avr5\libc.a(strnlen_P.o)
 .bss           0x0080016e        0x0 c:/program files/imt_sdk_win_64/winavr/bin/../lib/gcc/avr/4.3.3/../../../../avr/lib/avr5\libc.a(strnlen.o)
 .bss           0x0080016e        0x0 c:/program files/imt_sdk_win_64/winavr/bin/../lib/gcc/avr/4.3.3/../../../../avr/lib/avr5\libc.a(fputc.o)
 .bss           0x0080016e        0x0 c:/program files/imt_sdk_win_64/winavr/bin/../lib/gcc/avr/4.3.3/../../../../avr/lib/avr5\libc.a(ultoa_invert.o)
 .bss           0x0080016e        0x0 c:/program files/imt_sdk_win_64/winavr/bin/../lib/gcc/avr/4.3.3/avr5\libgcc.a(_prologue.o)
 .bss           0x0080016e        0x0 c:/program files/imt_sdk_win_64/winavr/bin/../lib/gcc/avr/4.3.3/avr5\libgcc.a(_epilogue.o)
 *(.bss*)
 .bss.PtrASychCallback
                0x0080016e        0x2 ./MCAL/UART/UART_prog.o
 .bss.UART_pu8TransmittedString
                0x00800170        0x2 ./MCAL/UART/UART_prog.o
 .bss.UART_pu8ReceivedString
                0x00800172        0x2 ./MCAL/UART/UART_prog.o
 .bss.UART_u8ReceivedMsgSize
                0x00800174        0x1 ./MCAL/UART/UART_prog.o
 .bss.UART_u8Index
                0x00800175        0x1 ./MCAL/UART/UART_prog.o
 .bss.PtrASychCallback
                0x00800176        0x2 ./MCAL/SPI/SPI_prog.o
 .bss.SPI_pu8TransmittedString
                0x00800178        0x2 ./MCAL/SPI/SPI_prog.o
 .bss.SPI_pu8ReceivedString
                0x0080017a        0x2 ./MCAL/SPI/SPI_prog.o
 .bss.SPI_u8NoOfBytes
                0x0080017c        0x1 ./MCAL/SPI/SPI_prog.o
 .bss.SPI_u8Index
                0x0080017d        0x1 ./MCAL/SPI/SPI_prog.o
 *(COMMON)
 COMMON         0x0080017e        0x6 ./MCAL/EX_INT/EX_INT_prog.o
                0x0080017e                INT0_PFun
                0x00800180                INT2_PFun
                0x00800182                INT1_PFun
 COMMON         0x00800184        0xe ./APP/main_Master.o
                0x00800184                TX_Data
                0x00800186                request_pending
                0x00800187                slot_status
                0x0080018d                RX_Data
                0x0080018f                currentSlot
                0x00800190                car_parked_correctly
                0x00800191                num_empty_slots
                0x00800192                PROVIDE (__bss_end, .)
                0x00002dca                __data_load_start = LOADADDR (.data)
                0x00002ed8                __data_load_end = (__data_load_start + SIZEOF (.data))

.noinit         0x00800192        0x0
                0x00800192                PROVIDE (__noinit_start, .)
 *(.noinit*)
                0x00800192                PROVIDE (__noinit_end, .)
                0x00800192                _end = .
                0x00800192                PROVIDE (__heap_start, .)

.eeprom         0x00810000        0x0
 *(.eeprom*)
                0x00810000                __eeprom_end = .

.fuse
 *(.fuse)
 *(.lfuse)
 *(.hfuse)
 *(.efuse)

.lock
 *(.lock*)

.signature
 *(.signature*)

.stab           0x00000000     0x47dc
 *(.stab)
 .stab          0x00000000      0x8a0 ./MCAL/UART/UART_prog.o
 .stab          0x000008a0      0x528 ./MCAL/SPI/SPI_prog.o
                                0x534 (size before relaxing)
 .stab          0x00000dc8      0x57c ./MCAL/I2C/I2C.o
                                0x588 (size before relaxing)
 .stab          0x00001344      0x1d4 ./MCAL/GIE/GIE_prog.o
                                0x1e0 (size before relaxing)
 .stab          0x00001518      0x66c ./MCAL/EX_INT/EX_INT_prog.o
                                0x678 (size before relaxing)
 .stab          0x00001b84      0x6d8 ./MCAL/DIO/DIO_prog.o
                                0x6e4 (size before relaxing)
 .stab          0x0000225c      0x240 ./LIB/DELAY/DELAY_prog.o
                                0x24c (size before relaxing)
 .stab          0x0000249c      0x36c ./HAL/Stepper_Motor/STPM_prog.o
                                0x378 (size before relaxing)
 .stab          0x00002808      0x27c ./HAL/SEV_SEG/SEV_SEG.o
                                0x288 (size before relaxing)
 .stab          0x00002a84      0x2c4 ./HAL/LED/LED.o
                                0x2d0 (size before relaxing)
 .stab          0x00002d48      0x27c ./HAL/IR_HW-201/IR_prog.o
                                0x288 (size before relaxing)
 .stab          0x00002fc4      0x3a8 ./HAL/ESP8266/ESP8266_program.o
                                0x3b4 (size before relaxing)
 .stab          0x0000336c      0x420 ./HAL/EEPROM/eeprom.o
                                0x42c (size before relaxing)
 .stab          0x0000378c      0x264 ./Communication/WIFI_Server/wifi_service.o
                                0x270 (size before relaxing)
 .stab          0x000039f0      0x444 ./Communication/Maset_Slave_COMM/Master_prog.o
                                0x450 (size before relaxing)
 .stab          0x00003e34      0x9a8 ./APP/main_Master.o
                                0x9b4 (size before relaxing)

.stabstr        0x00000000     0x1c32
 *(.stabstr)
 .stabstr       0x00000000     0x1c32 ./MCAL/UART/UART_prog.o

.stab.excl
 *(.stab.excl)

.stab.exclstr
 *(.stab.exclstr)

.stab.index
 *(.stab.index)

.stab.indexstr
 *(.stab.indexstr)

.comment
 *(.comment)

.debug
 *(.debug)

.line
 *(.line)

.debug_srcinfo
 *(.debug_srcinfo)

.debug_sfnames
 *(.debug_sfnames)

.debug_aranges
 *(.debug_aranges)

.debug_pubnames
 *(.debug_pubnames)

.debug_info
 *(.debug_info)
 *(.gnu.linkonce.wi.*)

.debug_abbrev
 *(.debug_abbrev)

.debug_line
 *(.debug_line)

.debug_frame
 *(.debug_frame)

.debug_str
 *(.debug_str)

.debug_loc
 *(.debug_loc)

.debug_macinfo
 *(.debug_macinfo)
OUTPUT(Main_System.elf elf32-avr)
LOAD linker stubs
