Archive member included because of file (symbol)

c:/program files/imt_sdk_win_64/winavr/bin/../lib/gcc/avr/4.3.3/avr5\libgcc.a(_mulsi3.o)
                              ./HAL/LCD/LCD_prog.o (__mulsi3)
c:/program files/imt_sdk_win_64/winavr/bin/../lib/gcc/avr/4.3.3/avr5\libgcc.a(_udivmodhi4.o)
                              ./HAL/LCD/LCD_prog.o (__udivmodhi4)
c:/program files/imt_sdk_win_64/winavr/bin/../lib/gcc/avr/4.3.3/avr5\libgcc.a(_udivmodsi4.o)
                              ./HAL/LCD/LCD_prog.o (__udivmodsi4)
c:/program files/imt_sdk_win_64/winavr/bin/../lib/gcc/avr/4.3.3/avr5\libgcc.a(_exit.o)
                              c:/program files/imt_sdk_win_64/winavr/bin/../lib/gcc/avr/4.3.3/../../../../avr/lib/avr5/crtm32.o (exit)
c:/program files/imt_sdk_win_64/winavr/bin/../lib/gcc/avr/4.3.3/avr5\libgcc.a(_copy_data.o)
                              ./HAL/keypad/KEYPAD.o (__do_copy_data)
c:/program files/imt_sdk_win_64/winavr/bin/../lib/gcc/avr/4.3.3/avr5\libgcc.a(_clear_bss.o)
                              ./MCAL/Timers/TMR_prog.o (__do_clear_bss)

Allocating common symbols
Common symbol       size              file

response            0x2               ./Communication/Maset_Slave_COMM/slave_prog.o
TX_Data             0x2               ./APP/main.o
INT0_PFun           0x2               ./MCAL/EX_INT/EX_INT_prog.o
INT2_PFun           0x2               ./MCAL/EX_INT/EX_INT_prog.o
buttonPressedFlag   0x1               ./APP/main.o
RX_Data             0x2               ./APP/main.o
INT1_PFun           0x2               ./MCAL/EX_INT/EX_INT_prog.o
carDetectedFlag     0x1               ./APP/main.o
ACK                 0x1               ./APP/main.o

Memory Configuration

Name             Origin             Length             Attributes
text             0x00000000         0x00020000         xr
data             0x00800060         0x0000ffa0         rw !x
eeprom           0x00810000         0x00010000         rw !x
fuse             0x00820000         0x00000400         rw !x
lock             0x00830000         0x00000400         rw !x
signature        0x00840000         0x00000400         rw !x
*default*        0x00000000         0xffffffff

Linker script and memory map

LOAD c:/program files/imt_sdk_win_64/winavr/bin/../lib/gcc/avr/4.3.3/../../../../avr/lib/avr5/crtm32.o
LOAD ./MCAL/Timers/TMR_prog.o
LOAD ./MCAL/SPI/SPI_prog.o
LOAD ./MCAL/GIE/GIE_prog.o
LOAD ./MCAL/EX_INT/EX_INT_prog.o
LOAD ./MCAL/DIO/DIO_prog.o
LOAD ./LIB/DELAY/DELAY_prog.o
LOAD ./HAL/keypad/KEYPAD.o
LOAD ./HAL/Servo/SERVO_prog.o
LOAD ./HAL/LED/LED.o
LOAD ./HAL/LCD/LCD_prog.o
LOAD ./HAL/IR_sensor/IR_prog.o
LOAD ./HAL/Button/Button_prog.o
LOAD ./Communication/Maset_Slave_COMM/slave_prog.o
LOAD ./APP/main.o
LOAD c:/program files/imt_sdk_win_64/winavr/bin/../lib/gcc/avr/4.3.3/avr5\libgcc.a
LOAD c:/program files/imt_sdk_win_64/winavr/bin/../lib/gcc/avr/4.3.3/../../../../avr/lib/avr5\libc.a
LOAD c:/program files/imt_sdk_win_64/winavr/bin/../lib/gcc/avr/4.3.3/avr5\libgcc.a

.hash
 *(.hash)

.dynsym
 *(.dynsym)

.dynstr
 *(.dynstr)

.gnu.version
 *(.gnu.version)

.gnu.version_d
 *(.gnu.version_d)

.gnu.version_r
 *(.gnu.version_r)

.rel.init
 *(.rel.init)

.rela.init
 *(.rela.init)

.rel.text
 *(.rel.text)
 *(.rel.text.*)
 *(.rel.gnu.linkonce.t*)

.rela.text
 *(.rela.text)
 *(.rela.text.*)
 *(.rela.gnu.linkonce.t*)

.rel.fini
 *(.rel.fini)

.rela.fini
 *(.rela.fini)

.rel.rodata
 *(.rel.rodata)
 *(.rel.rodata.*)
 *(.rel.gnu.linkonce.r*)

.rela.rodata
 *(.rela.rodata)
 *(.rela.rodata.*)
 *(.rela.gnu.linkonce.r*)

.rel.data
 *(.rel.data)
 *(.rel.data.*)
 *(.rel.gnu.linkonce.d*)

.rela.data
 *(.rela.data)
 *(.rela.data.*)
 *(.rela.gnu.linkonce.d*)

.rel.ctors
 *(.rel.ctors)

.rela.ctors
 *(.rela.ctors)

.rel.dtors
 *(.rel.dtors)

.rela.dtors
 *(.rela.dtors)

.rel.got
 *(.rel.got)

.rela.got
 *(.rela.got)

.rel.bss
 *(.rel.bss)

.rela.bss
 *(.rela.bss)

.rel.plt
 *(.rel.plt)

.rela.plt
 *(.rela.plt)

.text           0x00000000     0x1eb8
 *(.vectors)
 .vectors       0x00000000       0x54 c:/program files/imt_sdk_win_64/winavr/bin/../lib/gcc/avr/4.3.3/../../../../avr/lib/avr5/crtm32.o
                0x00000000                __vectors
                0x00000000                __vector_default
 *(.vectors)
 *(.progmem.gcc*)
 *(.progmem*)
                0x00000054                . = ALIGN (0x2)
                0x00000054                __trampolines_start = .
 *(.trampolines)
 .trampolines   0x00000054        0x0 linker stubs
 *(.trampolines*)
                0x00000054                __trampolines_end = .
 *(.jumptables)
 *(.jumptables*)
 *(.lowtext)
 *(.lowtext*)
                0x00000054                __ctors_start = .
 *(.ctors)
                0x00000054                __ctors_end = .
                0x00000054                __dtors_start = .
 *(.dtors)
                0x00000054                __dtors_end = .
 SORT(*)(.ctors)
 SORT(*)(.dtors)
 *(.init0)
 .init0         0x00000054        0x0 c:/program files/imt_sdk_win_64/winavr/bin/../lib/gcc/avr/4.3.3/../../../../avr/lib/avr5/crtm32.o
                0x00000054                __init
 *(.init0)
 *(.init1)
 *(.init1)
 *(.init2)
 .init2         0x00000054        0xc c:/program files/imt_sdk_win_64/winavr/bin/../lib/gcc/avr/4.3.3/../../../../avr/lib/avr5/crtm32.o
 *(.init2)
 *(.init3)
 *(.init3)
 *(.init4)
 .init4         0x00000060       0x16 c:/program files/imt_sdk_win_64/winavr/bin/../lib/gcc/avr/4.3.3/avr5\libgcc.a(_copy_data.o)
                0x00000060                __do_copy_data
 .init4         0x00000076       0x10 c:/program files/imt_sdk_win_64/winavr/bin/../lib/gcc/avr/4.3.3/avr5\libgcc.a(_clear_bss.o)
                0x00000076                __do_clear_bss
 *(.init4)
 *(.init5)
 *(.init5)
 *(.init6)
 *(.init6)
 *(.init7)
 *(.init7)
 *(.init8)
 *(.init8)
 *(.init9)
 .init9         0x00000086        0x8 c:/program files/imt_sdk_win_64/winavr/bin/../lib/gcc/avr/4.3.3/../../../../avr/lib/avr5/crtm32.o
 *(.init9)
 *(.text)
 .text          0x0000008e        0x4 c:/program files/imt_sdk_win_64/winavr/bin/../lib/gcc/avr/4.3.3/../../../../avr/lib/avr5/crtm32.o
                0x0000008e                __bad_interrupt
                0x0000008e                __vector_6
                0x0000008e                __vector_11
                0x0000008e                __vector_13
                0x0000008e                __vector_17
                0x0000008e                __vector_19
                0x0000008e                __vector_7
                0x0000008e                __vector_5
                0x0000008e                __vector_4
                0x0000008e                __vector_9
                0x0000008e                __vector_15
                0x0000008e                __vector_8
                0x0000008e                __vector_14
                0x0000008e                __vector_10
                0x0000008e                __vector_16
                0x0000008e                __vector_18
                0x0000008e                __vector_20
 .text          0x00000092        0x0 ./MCAL/Timers/TMR_prog.o
 .text          0x00000092        0x0 ./MCAL/SPI/SPI_prog.o
 .text          0x00000092        0x0 ./MCAL/GIE/GIE_prog.o
 .text          0x00000092        0x0 ./MCAL/EX_INT/EX_INT_prog.o
 .text          0x00000092        0x0 ./MCAL/DIO/DIO_prog.o
 .text          0x00000092        0x0 ./LIB/DELAY/DELAY_prog.o
 .text          0x00000092        0x0 ./HAL/keypad/KEYPAD.o
 .text          0x00000092        0x0 ./HAL/Servo/SERVO_prog.o
 .text          0x00000092        0x0 ./HAL/LED/LED.o
 .text          0x00000092        0x0 ./HAL/LCD/LCD_prog.o
 .text          0x00000092        0x0 ./HAL/IR_sensor/IR_prog.o
 .text          0x00000092        0x0 ./HAL/Button/Button_prog.o
 .text          0x00000092        0x0 ./Communication/Maset_Slave_COMM/slave_prog.o
 .text          0x00000092        0x0 ./APP/main.o
 .text          0x00000092        0x0 c:/program files/imt_sdk_win_64/winavr/bin/../lib/gcc/avr/4.3.3/avr5\libgcc.a(_mulsi3.o)
 .text          0x00000092        0x0 c:/program files/imt_sdk_win_64/winavr/bin/../lib/gcc/avr/4.3.3/avr5\libgcc.a(_udivmodhi4.o)
 .text          0x00000092        0x0 c:/program files/imt_sdk_win_64/winavr/bin/../lib/gcc/avr/4.3.3/avr5\libgcc.a(_udivmodsi4.o)
 .text          0x00000092        0x0 c:/program files/imt_sdk_win_64/winavr/bin/../lib/gcc/avr/4.3.3/avr5\libgcc.a(_exit.o)
 .text          0x00000092        0x0 c:/program files/imt_sdk_win_64/winavr/bin/../lib/gcc/avr/4.3.3/avr5\libgcc.a(_copy_data.o)
 .text          0x00000092        0x0 c:/program files/imt_sdk_win_64/winavr/bin/../lib/gcc/avr/4.3.3/avr5\libgcc.a(_clear_bss.o)
                0x00000092                . = ALIGN (0x2)
 *(.text.*)
 .text.TMR_vInit
                0x00000092       0x78 ./MCAL/Timers/TMR_prog.o
                0x00000092                TMR_vInit
 .text.TMR_u8SetPWM
                0x0000010a       0x30 ./MCAL/Timers/TMR_prog.o
                0x0000010a                TMR_u8SetPWM
 .text.SPI_vInit
                0x0000013a       0x2a ./MCAL/SPI/SPI_prog.o
                0x0000013a                SPI_vInit
 .text.SPI_u8ReceiveByte_Synch
                0x00000164       0x7c ./MCAL/SPI/SPI_prog.o
                0x00000164                SPI_u8ReceiveByte_Synch
 .text.SPI_u8SendByte_Synch
                0x000001e0       0x6c ./MCAL/SPI/SPI_prog.o
                0x000001e0                SPI_u8SendByte_Synch
 .text.SPI_u8SendReceiveBuffer_Asynch
                0x0000024c       0xaa ./MCAL/SPI/SPI_prog.o
                0x0000024c                SPI_u8SendReceiveBuffer_Asynch
 .text.__vector_12
                0x000002f6       0xc4 ./MCAL/SPI/SPI_prog.o
                0x000002f6                __vector_12
 .text.GIE_voidEnable
                0x000003ba       0x1c ./MCAL/GIE/GIE_prog.o
                0x000003ba                GIE_voidEnable
 .text.GIE_voidDisable
                0x000003d6       0x1c ./MCAL/GIE/GIE_prog.o
                0x000003d6                GIE_voidDisable
 .text.EXTI0_VoidInit
                0x000003f2       0x38 ./MCAL/EX_INT/EX_INT_prog.o
                0x000003f2                EXTI0_VoidInit
 .text.EXTI1_VoidInit
                0x0000042a       0x38 ./MCAL/EX_INT/EX_INT_prog.o
                0x0000042a                EXTI1_VoidInit
 .text.EXTI2_VoidInit
                0x00000462       0x2a ./MCAL/EX_INT/EX_INT_prog.o
                0x00000462                EXTI2_VoidInit
 .text.EXTI0_voidSetSenseControl
                0x0000048c       0xd0 ./MCAL/EX_INT/EX_INT_prog.o
                0x0000048c                EXTI0_voidSetSenseControl
 .text.EXTI1_voidSetSenseControl
                0x0000055c       0xd0 ./MCAL/EX_INT/EX_INT_prog.o
                0x0000055c                EXTI1_voidSetSenseControl
 .text.EXTI2_voidSetSenseControl
                0x0000062c       0x58 ./MCAL/EX_INT/EX_INT_prog.o
                0x0000062c                EXTI2_voidSetSenseControl
 .text.EXTI0_voidEnable
                0x00000684       0x1c ./MCAL/EX_INT/EX_INT_prog.o
                0x00000684                EXTI0_voidEnable
 .text.EXTI0_voidDisable
                0x000006a0       0x1c ./MCAL/EX_INT/EX_INT_prog.o
                0x000006a0                EXTI0_voidDisable
 .text.EXTI1_voidEnable
                0x000006bc       0x1c ./MCAL/EX_INT/EX_INT_prog.o
                0x000006bc                EXTI1_voidEnable
 .text.EXTI1_voidDisable
                0x000006d8       0x1c ./MCAL/EX_INT/EX_INT_prog.o
                0x000006d8                EXTI1_voidDisable
 .text.EXTI2_voidEnable
                0x000006f4       0x1c ./MCAL/EX_INT/EX_INT_prog.o
                0x000006f4                EXTI2_voidEnable
 .text.EXTI2_voidDisable
                0x00000710       0x1c ./MCAL/EX_INT/EX_INT_prog.o
                0x00000710                EXTI2_voidDisable
 .text.EXTI0_voidSetCallBack
                0x0000072c       0x24 ./MCAL/EX_INT/EX_INT_prog.o
                0x0000072c                EXTI0_voidSetCallBack
 .text.EXTI1_voidSetCallBack
                0x00000750       0x24 ./MCAL/EX_INT/EX_INT_prog.o
                0x00000750                EXTI1_voidSetCallBack
 .text.EXTI2_voidSetCallBack
                0x00000774       0x24 ./MCAL/EX_INT/EX_INT_prog.o
                0x00000774                EXTI2_voidSetCallBack
 .text.__vector_1
                0x00000798       0x5a ./MCAL/EX_INT/EX_INT_prog.o
                0x00000798                __vector_1
 .text.__vector_2
                0x000007f2       0x5a ./MCAL/EX_INT/EX_INT_prog.o
                0x000007f2                __vector_2
 .text.__vector_3
                0x0000084c       0x5a ./MCAL/EX_INT/EX_INT_prog.o
                0x0000084c                __vector_3
 .text.DIO_U8SetPinDirection
                0x000008a6      0x226 ./MCAL/DIO/DIO_prog.o
                0x000008a6                DIO_U8SetPinDirection
 .text.DIO_U8SetPinValue
                0x00000acc      0x226 ./MCAL/DIO/DIO_prog.o
                0x00000acc                DIO_U8SetPinValue
 .text.DIO_U8SetPortDirection
                0x00000cf2       0x90 ./MCAL/DIO/DIO_prog.o
                0x00000cf2                DIO_U8SetPortDirection
 .text.DIO_U8SetPortValue
                0x00000d82       0x90 ./MCAL/DIO/DIO_prog.o
                0x00000d82                DIO_U8SetPortValue
 .text.DIO_U8TogglePinValue
                0x00000e12      0x108 ./MCAL/DIO/DIO_prog.o
                0x00000e12                DIO_U8TogglePinValue
 .text.DIO_U8GetPinValue
                0x00000f1a      0x118 ./MCAL/DIO/DIO_prog.o
                0x00000f1a                DIO_U8GetPinValue
 .text.delay_milliseconds
                0x00001032       0xb2 ./LIB/DELAY/DELAY_prog.o
                0x00001032                delay_milliseconds
 .text.keyPad_init
                0x000010e4       0x9a ./HAL/keypad/KEYPAD.o
                0x000010e4                keyPad_init
 .text.KeyPad_get_pressed_key
                0x0000117e       0xd0 ./HAL/keypad/KEYPAD.o
                0x0000117e                KeyPad_get_pressed_key
 .text.SERVO_u8Init
                0x0000124e       0x1c ./HAL/Servo/SERVO_prog.o
                0x0000124e                SERVO_u8Init
 .text.SERVO_u8SetServoAngle
                0x0000126a       0x5a ./HAL/Servo/SERVO_prog.o
                0x0000126a                SERVO_u8SetServoAngle
 .text.LED_Init
                0x000012c4       0x22 ./HAL/LED/LED.o
                0x000012c4                LED_Init
 .text.LED_On   0x000012e6       0x22 ./HAL/LED/LED.o
                0x000012e6                LED_On
 .text.LED_Off  0x00001308       0x22 ./HAL/LED/LED.o
                0x00001308                LED_Off
 .text.LED_Toggle
                0x0000132a       0x20 ./HAL/LED/LED.o
                0x0000132a                LED_Toggle
 .text.LCD_VidInit
                0x0000134a       0x76 ./HAL/LCD/LCD_prog.o
                0x0000134a                LCD_VidInit
 .text.LCD_U8WriteString
                0x000013c0       0xba ./HAL/LCD/LCD_prog.o
                0x000013c0                LCD_U8WriteString
 .text.LCD_U8SaveSpecialWord
                0x0000147a       0x8a ./HAL/LCD/LCD_prog.o
                0x0000147a                LCD_U8SaveSpecialWord
 .text.LCD_U8SwriteSpecialSymbol
                0x00001504       0x6c ./HAL/LCD/LCD_prog.o
                0x00001504                LCD_U8SwriteSpecialSymbol
 .text.LCD_VidCLEAR
                0x00001570       0x14 ./HAL/LCD/LCD_prog.o
                0x00001570                LCD_VidCLEAR
 .text.LCD_VidShiftRight
                0x00001584       0x14 ./HAL/LCD/LCD_prog.o
                0x00001584                LCD_VidShiftRight
 .text.LCD_VidShiftLeft
                0x00001598       0x14 ./HAL/LCD/LCD_prog.o
                0x00001598                LCD_VidShiftLeft
 .text.LCD_VidWriteData
                0x000015ac       0x24 ./HAL/LCD/LCD_prog.o
 .text.LCD_VidWriteCommand
                0x000015d0       0x24 ./HAL/LCD/LCD_prog.o
 .text.U8Write  0x000015f4       0x6c ./HAL/LCD/LCD_prog.o
 .text.LCD_vidDisplayINT
                0x00001660      0x10a ./HAL/LCD/LCD_prog.o
                0x00001660                LCD_vidDisplayINT
 .text.IR_Init  0x0000176a       0x30 ./HAL/IR_sensor/IR_prog.o
                0x0000176a                IR_Init
 .text.IR_SetCallback
                0x0000179a       0x20 ./HAL/IR_sensor/IR_prog.o
                0x0000179a                IR_SetCallback
 .text.Button_Init
                0x000017ba       0x26 ./HAL/Button/Button_prog.o
                0x000017ba                Button_Init
 .text.Button_SetCallback
                0x000017e0       0x20 ./HAL/Button/Button_prog.o
                0x000017e0                Button_SetCallback
 .text.Slave_Comm_Init
                0x00001800       0x44 ./Communication/Maset_Slave_COMM/slave_prog.o
                0x00001800                Slave_Comm_Init
 .text.Slave_ReceiveByte
                0x00001844       0x20 ./Communication/Maset_Slave_COMM/slave_prog.o
                0x00001844                Slave_ReceiveByte
 .text.Slave_SendByte
                0x00001864       0x1a ./Communication/Maset_Slave_COMM/slave_prog.o
                0x00001864                Slave_SendByte
 .text.Slave_Send_Request
                0x0000187e       0x34 ./Communication/Maset_Slave_COMM/slave_prog.o
                0x0000187e                Slave_Send_Request
 .text.Slave_Send_Data
                0x000018b2       0x42 ./Communication/Maset_Slave_COMM/slave_prog.o
                0x000018b2                Slave_Send_Data
 .text.Slave_Receive_Data
                0x000018f4       0x3e ./Communication/Maset_Slave_COMM/slave_prog.o
                0x000018f4                Slave_Receive_Data
 .text.main     0x00001932       0x80 ./APP/main.o
                0x00001932                main
 .text.systemInit
                0x000019b2       0x52 ./APP/main.o
                0x000019b2                systemInit
 .text.processReceivedData
                0x00001a04      0x214 ./APP/main.o
                0x00001a04                processReceivedData
 .text.handleCarDetection
                0x00001c18       0x3c ./APP/main.o
                0x00001c18                handleCarDetection
 .text.handleButtonPress
                0x00001c54      0x18e ./APP/main.o
                0x00001c54                handleButtonPress
 .text.carDetectedISR
                0x00001de2       0x14 ./APP/main.o
                0x00001de2                carDetectedISR
 .text.buttonPressedISR
                0x00001df6       0x14 ./APP/main.o
                0x00001df6                buttonPressedISR
 .text.libgcc   0x00001e0a       0x3e c:/program files/imt_sdk_win_64/winavr/bin/../lib/gcc/avr/4.3.3/avr5\libgcc.a(_mulsi3.o)
                0x00001e0a                __mulsi3
 .text.libgcc   0x00001e48       0x28 c:/program files/imt_sdk_win_64/winavr/bin/../lib/gcc/avr/4.3.3/avr5\libgcc.a(_udivmodhi4.o)
                0x00001e48                __udivmodhi4
 .text.libgcc   0x00001e70       0x44 c:/program files/imt_sdk_win_64/winavr/bin/../lib/gcc/avr/4.3.3/avr5\libgcc.a(_udivmodsi4.o)
                0x00001e70                __udivmodsi4
 .text.libgcc   0x00001eb4        0x0 c:/program files/imt_sdk_win_64/winavr/bin/../lib/gcc/avr/4.3.3/avr5\libgcc.a(_exit.o)
 .text.libgcc   0x00001eb4        0x0 c:/program files/imt_sdk_win_64/winavr/bin/../lib/gcc/avr/4.3.3/avr5\libgcc.a(_copy_data.o)
 .text.libgcc   0x00001eb4        0x0 c:/program files/imt_sdk_win_64/winavr/bin/../lib/gcc/avr/4.3.3/avr5\libgcc.a(_clear_bss.o)
                0x00001eb4                . = ALIGN (0x2)
 *(.fini9)
 .fini9         0x00001eb4        0x0 c:/program files/imt_sdk_win_64/winavr/bin/../lib/gcc/avr/4.3.3/avr5\libgcc.a(_exit.o)
                0x00001eb4                exit
                0x00001eb4                _exit
 *(.fini9)
 *(.fini8)
 *(.fini8)
 *(.fini7)
 *(.fini7)
 *(.fini6)
 *(.fini6)
 *(.fini5)
 *(.fini5)
 *(.fini4)
 *(.fini4)
 *(.fini3)
 *(.fini3)
 *(.fini2)
 *(.fini2)
 *(.fini1)
 *(.fini1)
 *(.fini0)
 .fini0         0x00001eb4        0x4 c:/program files/imt_sdk_win_64/winavr/bin/../lib/gcc/avr/4.3.3/avr5\libgcc.a(_exit.o)
 *(.fini0)
                0x00001eb8                _etext = .

.data           0x00800060       0xca load address 0x00001eb8
                0x00800060                PROVIDE (__data_start, .)
 *(.data)
 .data          0x00800060        0x0 c:/program files/imt_sdk_win_64/winavr/bin/../lib/gcc/avr/4.3.3/../../../../avr/lib/avr5/crtm32.o
 .data          0x00800060        0x0 ./MCAL/Timers/TMR_prog.o
 .data          0x00800060        0x0 ./MCAL/SPI/SPI_prog.o
 .data          0x00800060        0x0 ./MCAL/GIE/GIE_prog.o
 .data          0x00800060        0x0 ./MCAL/EX_INT/EX_INT_prog.o
 .data          0x00800060        0x0 ./MCAL/DIO/DIO_prog.o
 .data          0x00800060        0x0 ./LIB/DELAY/DELAY_prog.o
 .data          0x00800060        0x0 ./HAL/keypad/KEYPAD.o
 .data          0x00800060        0x0 ./HAL/Servo/SERVO_prog.o
 .data          0x00800060        0x0 ./HAL/LED/LED.o
 .data          0x00800060        0x0 ./HAL/LCD/LCD_prog.o
 .data          0x00800060        0x0 ./HAL/IR_sensor/IR_prog.o
 .data          0x00800060        0x0 ./HAL/Button/Button_prog.o
 .data          0x00800060        0x0 ./Communication/Maset_Slave_COMM/slave_prog.o
 .data          0x00800060       0xbe ./APP/main.o
 .data          0x0080011e        0x0 c:/program files/imt_sdk_win_64/winavr/bin/../lib/gcc/avr/4.3.3/avr5\libgcc.a(_mulsi3.o)
 .data          0x0080011e        0x0 c:/program files/imt_sdk_win_64/winavr/bin/../lib/gcc/avr/4.3.3/avr5\libgcc.a(_udivmodhi4.o)
 .data          0x0080011e        0x0 c:/program files/imt_sdk_win_64/winavr/bin/../lib/gcc/avr/4.3.3/avr5\libgcc.a(_udivmodsi4.o)
 .data          0x0080011e        0x0 c:/program files/imt_sdk_win_64/winavr/bin/../lib/gcc/avr/4.3.3/avr5\libgcc.a(_exit.o)
 .data          0x0080011e        0x0 c:/program files/imt_sdk_win_64/winavr/bin/../lib/gcc/avr/4.3.3/avr5\libgcc.a(_copy_data.o)
 .data          0x0080011e        0x0 c:/program files/imt_sdk_win_64/winavr/bin/../lib/gcc/avr/4.3.3/avr5\libgcc.a(_clear_bss.o)
 *(.data*)
 .data.keypad_arr
                0x0080011e        0xc ./HAL/keypad/KEYPAD.o
                0x0080011e                keypad_arr
 *(.rodata)
 *(.rodata*)
 *(.gnu.linkonce.d*)
                0x0080012a                . = ALIGN (0x2)
                0x0080012a                _edata = .
                0x0080012a                PROVIDE (__data_end, .)

.bss            0x0080012a       0x18
                0x0080012a                PROVIDE (__bss_start, .)
 *(.bss)
 .bss           0x0080012a        0x0 c:/program files/imt_sdk_win_64/winavr/bin/../lib/gcc/avr/4.3.3/../../../../avr/lib/avr5/crtm32.o
 .bss           0x0080012a        0x0 ./MCAL/Timers/TMR_prog.o
 .bss           0x0080012a        0x0 ./MCAL/SPI/SPI_prog.o
 .bss           0x0080012a        0x0 ./MCAL/GIE/GIE_prog.o
 .bss           0x0080012a        0x0 ./MCAL/EX_INT/EX_INT_prog.o
 .bss           0x0080012a        0x0 ./MCAL/DIO/DIO_prog.o
 .bss           0x0080012a        0x0 ./LIB/DELAY/DELAY_prog.o
 .bss           0x0080012a        0x0 ./HAL/keypad/KEYPAD.o
 .bss           0x0080012a        0x0 ./HAL/Servo/SERVO_prog.o
 .bss           0x0080012a        0x0 ./HAL/LED/LED.o
 .bss           0x0080012a        0x0 ./HAL/LCD/LCD_prog.o
 .bss           0x0080012a        0x0 ./HAL/IR_sensor/IR_prog.o
 .bss           0x0080012a        0x0 ./HAL/Button/Button_prog.o
 .bss           0x0080012a        0x0 ./Communication/Maset_Slave_COMM/slave_prog.o
 .bss           0x0080012a        0x0 ./APP/main.o
 .bss           0x0080012a        0x0 c:/program files/imt_sdk_win_64/winavr/bin/../lib/gcc/avr/4.3.3/avr5\libgcc.a(_mulsi3.o)
 .bss           0x0080012a        0x0 c:/program files/imt_sdk_win_64/winavr/bin/../lib/gcc/avr/4.3.3/avr5\libgcc.a(_udivmodhi4.o)
 .bss           0x0080012a        0x0 c:/program files/imt_sdk_win_64/winavr/bin/../lib/gcc/avr/4.3.3/avr5\libgcc.a(_udivmodsi4.o)
 .bss           0x0080012a        0x0 c:/program files/imt_sdk_win_64/winavr/bin/../lib/gcc/avr/4.3.3/avr5\libgcc.a(_exit.o)
 .bss           0x0080012a        0x0 c:/program files/imt_sdk_win_64/winavr/bin/../lib/gcc/avr/4.3.3/avr5\libgcc.a(_copy_data.o)
 .bss           0x0080012a        0x0 c:/program files/imt_sdk_win_64/winavr/bin/../lib/gcc/avr/4.3.3/avr5\libgcc.a(_clear_bss.o)
 *(.bss*)
 .bss.TMR_u8Timer1CtrlRegValue
                0x0080012a        0x1 ./MCAL/Timers/TMR_prog.o
 .bss.PtrASychCallback
                0x0080012b        0x2 ./MCAL/SPI/SPI_prog.o
 .bss.SPI_pu8TransmittedString
                0x0080012d        0x2 ./MCAL/SPI/SPI_prog.o
 .bss.SPI_pu8ReceivedString
                0x0080012f        0x2 ./MCAL/SPI/SPI_prog.o
 .bss.SPI_u8NoOfBytes
                0x00800131        0x1 ./MCAL/SPI/SPI_prog.o
 .bss.SPI_u8Index
                0x00800132        0x1 ./MCAL/SPI/SPI_prog.o
 *(COMMON)
 COMMON         0x00800133        0x6 ./MCAL/EX_INT/EX_INT_prog.o
                0x00800133                INT0_PFun
                0x00800135                INT2_PFun
                0x00800137                INT1_PFun
 COMMON         0x00800139        0x2 ./Communication/Maset_Slave_COMM/slave_prog.o
                0x00800139                response
 COMMON         0x0080013b        0x7 ./APP/main.o
                0x0080013b                TX_Data
                0x0080013d                buttonPressedFlag
                0x0080013e                RX_Data
                0x00800140                carDetectedFlag
                0x00800141                ACK
                0x00800142                PROVIDE (__bss_end, .)
                0x00001eb8                __data_load_start = LOADADDR (.data)
                0x00001f82                __data_load_end = (__data_load_start + SIZEOF (.data))

.noinit         0x00800142        0x0
                0x00800142                PROVIDE (__noinit_start, .)
 *(.noinit*)
                0x00800142                PROVIDE (__noinit_end, .)
                0x00800142                _end = .
                0x00800142                PROVIDE (__heap_start, .)

.eeprom         0x00810000        0x0
 *(.eeprom*)
                0x00810000                __eeprom_end = .

.fuse
 *(.fuse)
 *(.lfuse)
 *(.hfuse)
 *(.efuse)

.lock
 *(.lock*)

.signature
 *(.signature*)

.stab           0x00000000     0x3a98
 *(.stab)
 .stab          0x00000000      0x24c ./MCAL/Timers/TMR_prog.o
 .stab          0x0000024c      0x51c ./MCAL/SPI/SPI_prog.o
                                0x528 (size before relaxing)
 .stab          0x00000768      0x1d4 ./MCAL/GIE/GIE_prog.o
                                0x1e0 (size before relaxing)
 .stab          0x0000093c      0x654 ./MCAL/EX_INT/EX_INT_prog.o
                                0x660 (size before relaxing)
 .stab          0x00000f90      0x6d8 ./MCAL/DIO/DIO_prog.o
                                0x6e4 (size before relaxing)
 .stab          0x00001668      0x240 ./LIB/DELAY/DELAY_prog.o
                                0x24c (size before relaxing)
 .stab          0x000018a8      0x3a8 ./HAL/keypad/KEYPAD.o
                                0x3b4 (size before relaxing)
 .stab          0x00001c50      0x258 ./HAL/Servo/SERVO_prog.o
                                0x264 (size before relaxing)
 .stab          0x00001ea8      0x2a0 ./HAL/LED/LED.o
                                0x2ac (size before relaxing)
 .stab          0x00002148      0x7bc ./HAL/LCD/LCD_prog.o
                                0x7c8 (size before relaxing)
 .stab          0x00002904      0x210 ./HAL/IR_sensor/IR_prog.o
                                0x21c (size before relaxing)
 .stab          0x00002b14      0x204 ./HAL/Button/Button_prog.o
                                0x210 (size before relaxing)
 .stab          0x00002d18      0x3c0 ./Communication/Maset_Slave_COMM/slave_prog.o
                                0x3cc (size before relaxing)
 .stab          0x000030d8      0x9c0 ./APP/main.o
                                0x9cc (size before relaxing)

.stabstr        0x00000000     0x1515
 *(.stabstr)
 .stabstr       0x00000000     0x1515 ./MCAL/Timers/TMR_prog.o

.stab.excl
 *(.stab.excl)

.stab.exclstr
 *(.stab.exclstr)

.stab.index
 *(.stab.index)

.stab.indexstr
 *(.stab.indexstr)

.comment
 *(.comment)

.debug
 *(.debug)

.line
 *(.line)

.debug_srcinfo
 *(.debug_srcinfo)

.debug_sfnames
 *(.debug_sfnames)

.debug_aranges
 *(.debug_aranges)

.debug_pubnames
 *(.debug_pubnames)

.debug_info
 *(.debug_info)
 *(.gnu.linkonce.wi.*)

.debug_abbrev
 *(.debug_abbrev)

.debug_line
 *(.debug_line)

.debug_frame
 *(.debug_frame)

.debug_str
 *(.debug_str)

.debug_loc
 *(.debug_loc)

.debug_macinfo
 *(.debug_macinfo)
OUTPUT(Gate_system.elf elf32-avr)
LOAD linker stubs
